Archive member included to satisfy reference by file (symbol)

c:/program files (x86)/atmel/studio/7.0/toolchain/avr8/avr8-gnu-toolchain/bin/../lib/gcc/avr/5.4.0/avr5\libgcc.a(_udivmodhi4.o)
                              RTOS/KERNEL/Kernel_program.o (__udivmodhi4)
c:/program files (x86)/atmel/studio/7.0/toolchain/avr8/avr8-gnu-toolchain/bin/../lib/gcc/avr/5.4.0/avr5\libgcc.a(_divmodhi4.o)
                              7seg.o (__divmodhi4)
c:/program files (x86)/atmel/studio/7.0/toolchain/avr8/avr8-gnu-toolchain/bin/../lib/gcc/avr/5.4.0/avr5\libgcc.a(_udivmodsi4.o)
                              HAL/sensors.o (__udivmodsi4)
c:/program files (x86)/atmel/studio/7.0/toolchain/avr8/avr8-gnu-toolchain/bin/../lib/gcc/avr/5.4.0/avr5\libgcc.a(_divmodsi4.o)
                              HAL/lcd.o (__divmodsi4)
c:/program files (x86)/atmel/studio/7.0/toolchain/avr8/avr8-gnu-toolchain/bin/../lib/gcc/avr/5.4.0/avr5\libgcc.a(_negsi2.o)
                              c:/program files (x86)/atmel/studio/7.0/toolchain/avr8/avr8-gnu-toolchain/bin/../lib/gcc/avr/5.4.0/avr5\libgcc.a(_divmodsi4.o) (__negsi2)
c:/program files (x86)/atmel/studio/7.0/toolchain/avr8/avr8-gnu-toolchain/bin/../lib/gcc/avr/5.4.0/avr5\libgcc.a(_exit.o)
                              c:/program files (x86)/atmel/studio/7.0/toolchain/avr8/avr8-gnu-toolchain/bin/../lib/gcc/avr/5.4.0/../../../../avr/lib/avr5/crtatmega32.o (exit)
c:/program files (x86)/atmel/studio/7.0/toolchain/avr8/avr8-gnu-toolchain/bin/../lib/gcc/avr/5.4.0/avr5\libgcc.a(_copy_data.o)
                              7seg.o (__do_copy_data)
c:/program files (x86)/atmel/studio/7.0/toolchain/avr8/avr8-gnu-toolchain/bin/../lib/gcc/avr/5.4.0/avr5\libgcc.a(_clear_bss.o)
                              APP/FireSystem.o (__do_clear_bss)
c:/program files (x86)/atmel/studio/7.0/toolchain/avr8/avr8-gnu-toolchain/bin/../lib/gcc/avr/5.4.0/avr5\libgcc.a(_umulhisi3.o)
                              APP/FireSystem.o (__umulhisi3)
c:/program files (x86)/atmel/studio/7.0/toolchain/avr8/avr8-gnu-toolchain/bin/../lib/gcc/avr/5.4.0/avr5\libgcc.a(_muluhisi3.o)
                              SERVICE/Timers_Services.o (__muluhisi3)

Allocating common symbols
Common symbol       size              file

f                   0x2               main.o
t2                  0x2               main.o
pointer             0x2               SERVICE/UART_service.o
t1                  0x2               main.o
d                   0x2               main.o
Time                0x2               main.o

Discarded input sections

 .data          0x00000000        0x0 c:/program files (x86)/atmel/studio/7.0/toolchain/avr8/avr8-gnu-toolchain/bin/../lib/gcc/avr/5.4.0/../../../../avr/lib/avr5/crtatmega32.o
 .bss           0x00000000        0x0 c:/program files (x86)/atmel/studio/7.0/toolchain/avr8/avr8-gnu-toolchain/bin/../lib/gcc/avr/5.4.0/../../../../avr/lib/avr5/crtatmega32.o
 .text          0x00000000        0x0 7seg.o
 .data          0x00000000        0x0 7seg.o
 .bss           0x00000000        0x0 7seg.o
 .rodata        0x00000000        0xa 7seg.o
 .text._7sig_display
                0x00000000       0x94 7seg.o
 .text._7sig_display1
                0x00000000       0x4c 7seg.o
 .debug_info    0x00000000      0x1c0 7seg.o
 .debug_abbrev  0x00000000      0x121 7seg.o
 .debug_loc     0x00000000      0x196 7seg.o
 .debug_aranges
                0x00000000       0x28 7seg.o
 .debug_ranges  0x00000000       0x18 7seg.o
 .debug_line    0x00000000      0x171 7seg.o
 .debug_str     0x00000000      0x1c2 7seg.o
 .comment       0x00000000       0x31 7seg.o
 .debug_frame   0x00000000       0x54 7seg.o
 .text          0x00000000        0x0 APP/Cacet.o
 .data          0x00000000        0x0 APP/Cacet.o
 .bss           0x00000000        0x0 APP/Cacet.o
 .rodata.str1.1
                0x00000000        0x2 APP/Cacet.o
 .text.CacetOn  0x00000000       0x72 APP/Cacet.o
 .debug_info    0x00000000      0x263 APP/Cacet.o
 .debug_abbrev  0x00000000      0x14f APP/Cacet.o
 .debug_loc     0x00000000       0xdb APP/Cacet.o
 .debug_aranges
                0x00000000       0x20 APP/Cacet.o
 .debug_ranges  0x00000000       0x10 APP/Cacet.o
 .debug_line    0x00000000      0x1e1 APP/Cacet.o
 .debug_str     0x00000000      0x1ec APP/Cacet.o
 .comment       0x00000000       0x31 APP/Cacet.o
 .debug_frame   0x00000000       0x24 APP/Cacet.o
 .text          0x00000000        0x0 APP/FireSystem.o
 .data          0x00000000        0x0 APP/FireSystem.o
 .bss           0x00000000        0x0 APP/FireSystem.o
 .text.F        0x00000000        0x8 APP/FireSystem.o
 .rodata.str1.1
                0x00000000       0x5c APP/FireSystem.o
 .text.FireSystem
                0x00000000      0x45c APP/FireSystem.o
 .bss.fire      0x00000000        0x1 APP/FireSystem.o
 .debug_info    0x00000000      0xb90 APP/FireSystem.o
 .debug_abbrev  0x00000000      0x195 APP/FireSystem.o
 .debug_loc     0x00000000       0x70 APP/FireSystem.o
 .debug_aranges
                0x00000000       0x28 APP/FireSystem.o
 .debug_ranges  0x00000000       0x18 APP/FireSystem.o
 .debug_line    0x00000000      0x3fb APP/FireSystem.o
 .debug_str     0x00000000      0x336 APP/FireSystem.o
 .comment       0x00000000       0x31 APP/FireSystem.o
 .debug_frame   0x00000000       0x34 APP/FireSystem.o
 .text          0x00000000        0x0 APP/LDR.o
 .data          0x00000000        0x0 APP/LDR.o
 .bss           0x00000000        0x0 APP/LDR.o
 .rodata.str1.1
                0x00000000        0x9 APP/LDR.o
 .text.LDR_LedOn
                0x00000000       0x88 APP/LDR.o
 .debug_info    0x00000000      0x220 APP/LDR.o
 .debug_abbrev  0x00000000      0x140 APP/LDR.o
 .debug_loc     0x00000000       0xab APP/LDR.o
 .debug_aranges
                0x00000000       0x20 APP/LDR.o
 .debug_ranges  0x00000000       0x10 APP/LDR.o
 .debug_line    0x00000000      0x1b5 APP/LDR.o
 .debug_str     0x00000000      0x1e9 APP/LDR.o
 .comment       0x00000000       0x31 APP/LDR.o
 .debug_frame   0x00000000       0x24 APP/LDR.o
 .text          0x00000000        0x0 APP/PasswordSystem.o
 .data          0x00000000        0x0 APP/PasswordSystem.o
 .bss           0x00000000        0x0 APP/PasswordSystem.o
 .rodata.str1.1
                0x00000000       0x89 APP/PasswordSystem.o
 .text.passwordSystem
                0x00000000      0x2ac APP/PasswordSystem.o
 .text.EnterPassword
                0x00000000      0x192 APP/PasswordSystem.o
 .text.ChangePassword
                0x00000000        0x2 APP/PasswordSystem.o
 .data.password
                0x00000000        0x4 APP/PasswordSystem.o
 .debug_info    0x00000000      0x97d APP/PasswordSystem.o
 .debug_abbrev  0x00000000      0x183 APP/PasswordSystem.o
 .debug_loc     0x00000000      0x7f1 APP/PasswordSystem.o
 .debug_aranges
                0x00000000       0x30 APP/PasswordSystem.o
 .debug_ranges  0x00000000       0x38 APP/PasswordSystem.o
 .debug_line    0x00000000      0x514 APP/PasswordSystem.o
 .debug_str     0x00000000      0x25f APP/PasswordSystem.o
 .comment       0x00000000       0x31 APP/PasswordSystem.o
 .debug_frame   0x00000000       0x9c APP/PasswordSystem.o
 .text          0x00000000        0x0 APP/RGBProject.o
 .data          0x00000000        0x0 APP/RGBProject.o
 .bss           0x00000000        0x0 APP/RGBProject.o
 .text.fun      0x00000000       0x20 APP/RGBProject.o
 .rodata.str1.1
                0x00000000       0xa3 APP/RGBProject.o
 .rodata        0x00000000       0x1c APP/RGBProject.o
 .text.RGBSystem
                0x00000000      0x216 APP/RGBProject.o
 .bss.c.1793    0x00000000        0x1 APP/RGBProject.o
 .bss.light2    0x00000000        0x1 APP/RGBProject.o
 .bss.light1    0x00000000        0x1 APP/RGBProject.o
 .debug_info    0x00000000      0x7af APP/RGBProject.o
 .debug_abbrev  0x00000000      0x143 APP/RGBProject.o
 .debug_loc     0x00000000      0x1b2 APP/RGBProject.o
 .debug_aranges
                0x00000000       0x28 APP/RGBProject.o
 .debug_ranges  0x00000000       0x18 APP/RGBProject.o
 .debug_line    0x00000000      0x299 APP/RGBProject.o
 .debug_str     0x00000000      0x639 APP/RGBProject.o
 .comment       0x00000000       0x31 APP/RGBProject.o
 .debug_frame   0x00000000       0x44 APP/RGBProject.o
 .text          0x00000000        0x0 HAL/BUZZER.o
 .data          0x00000000        0x0 HAL/BUZZER.o
 .bss           0x00000000        0x0 HAL/BUZZER.o
 .text.BuzzerOn
                0x00000000        0x8 HAL/BUZZER.o
 .text.BuzzerOff
                0x00000000        0x8 HAL/BUZZER.o
 .debug_info    0x00000000      0x1df HAL/BUZZER.o
 .debug_abbrev  0x00000000       0xac HAL/BUZZER.o
 .debug_loc     0x00000000       0x42 HAL/BUZZER.o
 .debug_aranges
                0x00000000       0x28 HAL/BUZZER.o
 .debug_ranges  0x00000000       0x18 HAL/BUZZER.o
 .debug_line    0x00000000       0x72 HAL/BUZZER.o
 .debug_str     0x00000000      0x233 HAL/BUZZER.o
 .comment       0x00000000       0x31 HAL/BUZZER.o
 .debug_frame   0x00000000       0x34 HAL/BUZZER.o
 .text          0x00000000        0x0 HAL/keypad.o
 .data          0x00000000        0x0 HAL/keypad.o
 .bss           0x00000000        0x0 HAL/keypad.o
 .text.keypad_getkey
                0x00000000       0x76 HAL/keypad.o
 .rodata.keypad_arr
                0x00000000       0x10 HAL/keypad.o
 .text          0x00000000        0x0 HAL/lcd.o
 .data          0x00000000        0x0 HAL/lcd.o
 .bss           0x00000000        0x0 HAL/lcd.o
 .text.lcd_clear
                0x00000000       0x14 HAL/lcd.o
 .text.lcd_writeLongNumber
                0x00000000       0xbe HAL/lcd.o
 .text.lcd_writestring
                0x00000000       0x2c HAL/lcd.o
 .text.lcd_writebinary
                0x00000000       0x42 HAL/lcd.o
 .text.lcd_writehex
                0x00000000       0xae HAL/lcd.o
 .text.print_ascii
                0x00000000        0x8 HAL/lcd.o
 .text.lcd_clearcell
                0x00000000       0x20 HAL/lcd.o
 .text          0x00000000        0x0 HAL/LED.o
 .data          0x00000000        0x0 HAL/LED.o
 .bss           0x00000000        0x0 HAL/LED.o
 .text.LedOn    0x00000000        0x8 HAL/LED.o
 .text.LedOff   0x00000000        0x8 HAL/LED.o
 .text.ToggelLed
                0x00000000        0x6 HAL/LED.o
 .debug_info    0x00000000      0x227 HAL/LED.o
 .debug_abbrev  0x00000000       0xac HAL/LED.o
 .debug_loc     0x00000000       0x63 HAL/LED.o
 .debug_aranges
                0x00000000       0x30 HAL/LED.o
 .debug_ranges  0x00000000       0x20 HAL/LED.o
 .debug_line    0x00000000       0x85 HAL/LED.o
 .debug_str     0x00000000      0x23b HAL/LED.o
 .comment       0x00000000       0x31 HAL/LED.o
 .debug_frame   0x00000000       0x44 HAL/LED.o
 .text          0x00000000        0x0 HAL/motor.o
 .data          0x00000000        0x0 HAL/motor.o
 .bss           0x00000000        0x0 HAL/motor.o
 .text.Motor_int
                0x00000000        0x2 HAL/motor.o
 .text.Motor_stop
                0x00000000       0x28 HAL/motor.o
 .text.Motor_cw
                0x00000000       0x28 HAL/motor.o
 .text.Motor_ccw
                0x00000000       0x28 HAL/motor.o
 .debug_info    0x00000000      0x2e1 HAL/motor.o
 .debug_abbrev  0x00000000       0xfb HAL/motor.o
 .debug_loc     0x00000000      0x111 HAL/motor.o
 .debug_aranges
                0x00000000       0x38 HAL/motor.o
 .debug_ranges  0x00000000       0x28 HAL/motor.o
 .debug_line    0x00000000       0xd6 HAL/motor.o
 .debug_str     0x00000000      0x270 HAL/motor.o
 .comment       0x00000000       0x31 HAL/motor.o
 .debug_frame   0x00000000       0x78 HAL/motor.o
 .text          0x00000000        0x0 HAL/motor_confg.o
 .data          0x00000000        0x0 HAL/motor_confg.o
 .bss           0x00000000        0x0 HAL/motor_confg.o
 .rodata.Motor_IN2
                0x00000000        0x4 HAL/motor_confg.o
 .rodata.Motor_IN1
                0x00000000        0x4 HAL/motor_confg.o
 .debug_info    0x00000000      0x177 HAL/motor_confg.o
 .debug_abbrev  0x00000000       0x75 HAL/motor_confg.o
 .debug_aranges
                0x00000000       0x18 HAL/motor_confg.o
 .debug_line    0x00000000       0x4d HAL/motor_confg.o
 .debug_str     0x00000000      0x229 HAL/motor_confg.o
 .comment       0x00000000       0x31 HAL/motor_confg.o
 .text          0x00000000        0x0 HAL/RGB_LED.o
 .data          0x00000000        0x0 HAL/RGB_LED.o
 .bss           0x00000000        0x0 HAL/RGB_LED.o
 .text.RGB_light
                0x00000000       0x36 HAL/RGB_LED.o
 .text.showRoom
                0x00000000      0x174 HAL/RGB_LED.o
 .bss.b.1832    0x00000000        0x1 HAL/RGB_LED.o
 .bss.g.1831    0x00000000        0x1 HAL/RGB_LED.o
 .bss.r.1830    0x00000000        0x1 HAL/RGB_LED.o
 .bss.flag      0x00000000        0x1 HAL/RGB_LED.o
 .rodata.arr_light
                0x00000000       0x2a HAL/RGB_LED.o
 .debug_info    0x00000000      0x1e4 HAL/RGB_LED.o
 .debug_abbrev  0x00000000      0x103 HAL/RGB_LED.o
 .debug_loc     0x00000000       0x63 HAL/RGB_LED.o
 .debug_aranges
                0x00000000       0x28 HAL/RGB_LED.o
 .debug_ranges  0x00000000       0x18 HAL/RGB_LED.o
 .debug_line    0x00000000      0x144 HAL/RGB_LED.o
 .debug_str     0x00000000      0x1fc HAL/RGB_LED.o
 .comment       0x00000000       0x31 HAL/RGB_LED.o
 .debug_frame   0x00000000       0x34 HAL/RGB_LED.o
 .text          0x00000000        0x0 HAL/sensors.o
 .data          0x00000000        0x0 HAL/sensors.o
 .bss           0x00000000        0x0 HAL/sensors.o
 .text.Temp_read
                0x00000000        0x8 HAL/sensors.o
 .text.pressure_read
                0x00000000       0x28 HAL/sensors.o
 .debug_info    0x00000000      0x167 HAL/sensors.o
 .debug_abbrev  0x00000000       0xb4 HAL/sensors.o
 .debug_loc     0x00000000       0x18 HAL/sensors.o
 .debug_aranges
                0x00000000       0x28 HAL/sensors.o
 .debug_ranges  0x00000000       0x18 HAL/sensors.o
 .debug_line    0x00000000       0x8e HAL/sensors.o
 .debug_str     0x00000000      0x173 HAL/sensors.o
 .comment       0x00000000       0x31 HAL/sensors.o
 .debug_frame   0x00000000       0x34 HAL/sensors.o
 .text          0x00000000        0x0 HAL/stepper_motor.o
 .data          0x00000000        0x0 HAL/stepper_motor.o
 .bss           0x00000000        0x0 HAL/stepper_motor.o
 .text.stepper_bipolercw
                0x00000000       0xca HAL/stepper_motor.o
 .text.stepper_bipolerccw
                0x00000000       0xca HAL/stepper_motor.o
 .text.stepper_unipolercw
                0x00000000       0xca HAL/stepper_motor.o
 .text.stepper_unipolerccw
                0x00000000       0xca HAL/stepper_motor.o
 .debug_info    0x00000000      0xb99 HAL/stepper_motor.o
 .debug_abbrev  0x00000000      0x112 HAL/stepper_motor.o
 .debug_loc     0x00000000      0x480 HAL/stepper_motor.o
 .debug_aranges
                0x00000000       0x38 HAL/stepper_motor.o
 .debug_ranges  0x00000000       0x28 HAL/stepper_motor.o
 .debug_line    0x00000000      0x38d HAL/stepper_motor.o
 .debug_str     0x00000000      0x2cf HAL/stepper_motor.o
 .comment       0x00000000       0x31 HAL/stepper_motor.o
 .debug_frame   0x00000000       0x54 HAL/stepper_motor.o
 .text          0x00000000        0x0 HAL/TEMP_FILTER.o
 .data          0x00000000        0x0 HAL/TEMP_FILTER.o
 .bss           0x00000000        0x0 HAL/TEMP_FILTER.o
 .text.TEMP_Fiter_Init
                0x00000000        0xe HAL/TEMP_FILTER.o
 .text.TEMP_Fiter_Runnable
                0x00000000       0x62 HAL/TEMP_FILTER.o
 .text.TEMP_Fiter_Getter
                0x00000000        0xa HAL/TEMP_FILTER.o
 .bss.i.1598    0x00000000        0x2 HAL/TEMP_FILTER.o
 .bss.total_temp.1600
                0x00000000        0x2 HAL/TEMP_FILTER.o
 .bss.tempfiltered
                0x00000000        0x2 HAL/TEMP_FILTER.o
 .debug_info    0x00000000      0x167 HAL/TEMP_FILTER.o
 .debug_abbrev  0x00000000       0xfd HAL/TEMP_FILTER.o
 .debug_loc     0x00000000       0x18 HAL/TEMP_FILTER.o
 .debug_aranges
                0x00000000       0x30 HAL/TEMP_FILTER.o
 .debug_ranges  0x00000000       0x20 HAL/TEMP_FILTER.o
 .debug_line    0x00000000       0xc7 HAL/TEMP_FILTER.o
 .debug_str     0x00000000      0x1d9 HAL/TEMP_FILTER.o
 .comment       0x00000000       0x31 HAL/TEMP_FILTER.o
 .debug_frame   0x00000000       0x44 HAL/TEMP_FILTER.o
 .text          0x00000000        0x0 main.o
 .data          0x00000000        0x0 main.o
 .bss           0x00000000        0x0 main.o
 .text          0x00000000        0x0 MCAL/ADC.o
 .data          0x00000000        0x0 MCAL/ADC.o
 .bss           0x00000000        0x0 MCAL/ADC.o
 .text.ADC_disable
                0x00000000        0x8 MCAL/ADC.o
 .text.ADC_read
                0x00000000       0x1a MCAL/ADC.o
 .text.ADC_read_volt
                0x00000000       0x26 MCAL/ADC.o
 .text          0x00000000        0x0 MCAL/DIO.o
 .data          0x00000000        0x0 MCAL/DIO.o
 .bss           0x00000000        0x0 MCAL/DIO.o
 .text.DIO_readpin
                0x00000000       0x88 MCAL/DIO.o
 .text.DIO_togglepin
                0x00000000       0x90 MCAL/DIO.o
 .text.DIO_writeport
                0x00000000       0x20 MCAL/DIO.o
 .text.DIO_readport
                0x00000000       0x22 MCAL/DIO.o
 .text          0x00000000        0x0 MCAL/DIO_confg.o
 .data          0x00000000        0x0 MCAL/DIO_confg.o
 .bss           0x00000000        0x0 MCAL/DIO_confg.o
 .text          0x00000000        0x0 MCAL/EEPROM.o
 .data          0x00000000        0x0 MCAL/EEPROM.o
 .bss           0x00000000        0x0 MCAL/EEPROM.o
 .text.EEPROM_write
                0x00000000       0x16 MCAL/EEPROM.o
 .text.EEPROM_read
                0x00000000       0x10 MCAL/EEPROM.o
 .debug_info    0x00000000       0xde MCAL/EEPROM.o
 .debug_abbrev  0x00000000       0x9a MCAL/EEPROM.o
 .debug_loc     0x00000000       0x4c MCAL/EEPROM.o
 .debug_aranges
                0x00000000       0x28 MCAL/EEPROM.o
 .debug_ranges  0x00000000       0x18 MCAL/EEPROM.o
 .debug_line    0x00000000       0xa5 MCAL/EEPROM.o
 .debug_str     0x00000000      0x157 MCAL/EEPROM.o
 .comment       0x00000000       0x31 MCAL/EEPROM.o
 .debug_frame   0x00000000       0x34 MCAL/EEPROM.o
 .text          0x00000000        0x0 MCAL/EIU.o
 .data          0x00000000        0x0 MCAL/EIU.o
 .bss           0x00000000        0x0 MCAL/EIU.o
 .text.EXI_Enable
                0x00000000       0x24 MCAL/EIU.o
 .text.EXI_Disable
                0x00000000       0x24 MCAL/EIU.o
 .text.EXI_TriggerEdge
                0x00000000       0xc0 MCAL/EIU.o
 .text.EIU_Int  0x00000000       0x1a MCAL/EIU.o
 .text.EXI_SetCallBack
                0x00000000       0x2a MCAL/EIU.o
 .text          0x00000000        0x0 MCAL/Timer1.o
 .data          0x00000000        0x0 MCAL/Timer1.o
 .bss           0x00000000        0x0 MCAL/Timer1.o
 .text.TIMER0_OV_InterruptDisable
                0x00000000        0x8 MCAL/Timer1.o
 .text.TIMER0_OC_InterruptDisable
                0x00000000        0x8 MCAL/Timer1.o
 .text.TIMER0_OV_SetCallBack
                0x00000000        0xa MCAL/Timer1.o
 .text.TIMER0_OC_SetCallBack
                0x00000000        0xa MCAL/Timer1.o
 .text.Timer1_OCRA1Mode
                0x00000000       0x48 MCAL/Timer1.o
 .text.Timer1_OCRB1Mode
                0x00000000       0x48 MCAL/Timer1.o
 .text.Timer1_OVF_InterruptEnable
                0x00000000        0x8 MCAL/Timer1.o
 .text.Timer1_OVF_InterruptDisable
                0x00000000        0x8 MCAL/Timer1.o
 .text.Timer1_OCA_InterruptEnable
                0x00000000        0x8 MCAL/Timer1.o
 .text.Timer1_OCA_InterruptDisable
                0x00000000        0x8 MCAL/Timer1.o
 .text.Timer1_OCB_InterruptEnable
                0x00000000        0x8 MCAL/Timer1.o
 .text.Timer1_OCB_InterruptDisable
                0x00000000        0x8 MCAL/Timer1.o
 .text.Timer1_OVF_SetCallBack
                0x00000000        0xa MCAL/Timer1.o
 .text.Timer1_OCA_SetCallBack
                0x00000000        0xa MCAL/Timer1.o
 .text.Timer1_OCB_SetCallBack
                0x00000000        0xa MCAL/Timer1.o
 .text.TIMER2_Init
                0x00000000       0x54 MCAL/Timer1.o
 .text.TIMER2_OC2Mode
                0x00000000       0x48 MCAL/Timer1.o
 .text.TIMER2_OC2Write
                0x00000000        0x4 MCAL/Timer1.o
 .text.TIMER2_OV_InterruptEnable
                0x00000000        0x8 MCAL/Timer1.o
 .text.TIMER2_OV_InterruptDisable
                0x00000000        0x8 MCAL/Timer1.o
 .text.TIMER2_OC_InterruptEnable
                0x00000000        0x8 MCAL/Timer1.o
 .text.TIMER2_OC_InterruptDisable
                0x00000000        0x8 MCAL/Timer1.o
 .text.TIMER2_OV_SetCallBack
                0x00000000        0xa MCAL/Timer1.o
 .text.Timer2_OC_SetCallBack
                0x00000000        0xa MCAL/Timer1.o
 .text          0x00000000        0x0 MCAL/UART.o
 .data          0x00000000        0x0 MCAL/UART.o
 .bss           0x00000000        0x0 MCAL/UART.o
 .text.UART_Init
                0x00000000       0x12 MCAL/UART.o
 .text.UART_senddata
                0x00000000        0x8 MCAL/UART.o
 .text.UART_recivedata_busywait
                0x00000000        0x8 MCAL/UART.o
 .text.UART_recivedata_periodiccheck
                0x00000000       0x12 MCAL/UART.o
 .text.UART_RX_InterruptEnable
                0x00000000        0x8 MCAL/UART.o
 .text.UART_RX_InterruptDisable
                0x00000000        0x8 MCAL/UART.o
 .text.UART_TX_InterruptEnable
                0x00000000        0x8 MCAL/UART.o
 .text.UART_TX_InterruptDisable
                0x00000000        0x8 MCAL/UART.o
 .text.UART_RX_setCallBack
                0x00000000        0xa MCAL/UART.o
 .text.UART_TX_setCallBack
                0x00000000        0xa MCAL/UART.o
 .text.UART_SendNoBlock
                0x00000000        0x4 MCAL/UART.o
 .text.UART_ReceiveNoBlock
                0x00000000        0x4 MCAL/UART.o
 .text          0x00000000        0x0 RTOS/KERNEL/Kernel_program.o
 .data          0x00000000        0x0 RTOS/KERNEL/Kernel_program.o
 .bss           0x00000000        0x0 RTOS/KERNEL/Kernel_program.o
 .text.Scheduler
                0x00000000       0x62 RTOS/KERNEL/Kernel_program.o
 .text.RTOS_voidStart
                0x00000000       0x10 RTOS/KERNEL/Kernel_program.o
 .text.RTOS_u8CreateTask
                0x00000000       0x26 RTOS/KERNEL/Kernel_program.o
 .bss.Local_u16SystickCounter.1607
                0x00000000        0x2 RTOS/KERNEL/Kernel_program.o
 .bss.SystemTasks
                0x00000000        0xc RTOS/KERNEL/Kernel_program.o
 .debug_info    0x00000000      0x1ce RTOS/KERNEL/Kernel_program.o
 .debug_abbrev  0x00000000      0x167 RTOS/KERNEL/Kernel_program.o
 .debug_loc     0x00000000       0xb0 RTOS/KERNEL/Kernel_program.o
 .debug_aranges
                0x00000000       0x30 RTOS/KERNEL/Kernel_program.o
 .debug_ranges  0x00000000       0x20 RTOS/KERNEL/Kernel_program.o
 .debug_line    0x00000000       0xea RTOS/KERNEL/Kernel_program.o
 .debug_str     0x00000000      0x22a RTOS/KERNEL/Kernel_program.o
 .comment       0x00000000       0x31 RTOS/KERNEL/Kernel_program.o
 .debug_frame   0x00000000       0x4c RTOS/KERNEL/Kernel_program.o
 .text          0x00000000        0x0 SERVICE/Timers_Services.o
 .data          0x00000000        0x0 SERVICE/Timers_Services.o
 .bss           0x00000000        0x0 SERVICE/Timers_Services.o
 .text.Timer_func
                0x00000000       0x5c SERVICE/Timers_Services.o
 .text.Func_ICU
                0x00000000       0x82 SERVICE/Timers_Services.o
 .text.PWM_Freq_KHZ
                0x00000000       0x24 SERVICE/Timers_Services.o
 .text.PWM_Freq_HZ
                0x00000000       0x2c SERVICE/Timers_Services.o
 .text.PWM_Duty
                0x00000000       0x34 SERVICE/Timers_Services.o
 .text.Timer1_SetInterruptTime_ms
                0x00000000       0x26 SERVICE/Timers_Services.o
 .text.Timer1_SetInterruptTime_us
                0x00000000       0x12 SERVICE/Timers_Services.o
 .text.PWM_Measure2
                0x00000000       0xc8 SERVICE/Timers_Services.o
 .text.PWM_Measure
                0x00000000       0xb4 SERVICE/Timers_Services.o
 .text.Timer1_SetInterruptTime_s
                0x00000000       0x60 SERVICE/Timers_Services.o
 .bss.c.1929    0x00000000        0x4 SERVICE/Timers_Services.o
 .bss.fptr_timer
                0x00000000        0x2 SERVICE/Timers_Services.o
 .bss.NofOverFlow
                0x00000000        0x4 SERVICE/Timers_Services.o
 .bss.flag      0x00000000        0x2 SERVICE/Timers_Services.o
 .bss.t3        0x00000000        0x2 SERVICE/Timers_Services.o
 .bss.t2        0x00000000        0x2 SERVICE/Timers_Services.o
 .bss.t1        0x00000000        0x2 SERVICE/Timers_Services.o
 .debug_info    0x00000000      0x6d8 SERVICE/Timers_Services.o
 .debug_abbrev  0x00000000      0x193 SERVICE/Timers_Services.o
 .debug_loc     0x00000000      0x4ae SERVICE/Timers_Services.o
 .debug_aranges
                0x00000000       0x68 SERVICE/Timers_Services.o
 .debug_ranges  0x00000000       0x58 SERVICE/Timers_Services.o
 .debug_line    0x00000000      0x2c6 SERVICE/Timers_Services.o
 .debug_str     0x00000000      0x4b4 SERVICE/Timers_Services.o
 .comment       0x00000000       0x31 SERVICE/Timers_Services.o
 .debug_frame   0x00000000      0x12c SERVICE/Timers_Services.o
 .text          0x00000000        0x0 SERVICE/UART_service.o
 .data          0x00000000        0x0 SERVICE/UART_service.o
 .bss           0x00000000        0x0 SERVICE/UART_service.o
 .text.Tx_func  0x00000000       0x2e SERVICE/UART_service.o
 .text.UART_send_str
                0x00000000       0x32 SERVICE/UART_service.o
 .text.UART_recive_str
                0x00000000       0x48 SERVICE/UART_service.o
 .text.UART_Send_num
                0x00000000       0x2c SERVICE/UART_service.o
 .text.UART_Recive_num
                0x00000000       0x68 SERVICE/UART_service.o
 .text.check_endian
                0x00000000        0x4 SERVICE/UART_service.o
 .text.endian_convert_u32
                0x00000000       0x38 SERVICE/UART_service.o
 .text.UART_send_str_checksum
                0x00000000       0x66 SERVICE/UART_service.o
 .text.UART_recive_str_checksum
                0x00000000       0x70 SERVICE/UART_service.o
 .text.UART_Frame
                0x00000000        0x8 SERVICE/UART_service.o
 .text.UART_SendStrSynch
                0x00000000       0x26 SERVICE/UART_service.o
 .data.i.1705   0x00000000        0x1 SERVICE/UART_service.o
 .debug_info    0x00000000      0x52b SERVICE/UART_service.o
 .debug_abbrev  0x00000000      0x195 SERVICE/UART_service.o
 .debug_loc     0x00000000      0x664 SERVICE/UART_service.o
 .debug_aranges
                0x00000000       0x70 SERVICE/UART_service.o
 .debug_ranges  0x00000000       0x60 SERVICE/UART_service.o
 .debug_line    0x00000000      0x314 SERVICE/UART_service.o
 .debug_str     0x00000000      0x2aa SERVICE/UART_service.o
 .comment       0x00000000       0x31 SERVICE/UART_service.o
 .debug_frame   0x00000000      0x180 SERVICE/UART_service.o
 COMMON         0x00000000        0x2 SERVICE/UART_service.o
 .text          0x00000000        0x0 SERVICE/UART_STACK.o
 .data          0x00000000        0x0 SERVICE/UART_STACK.o
 .bss           0x00000000        0x0 SERVICE/UART_STACK.o
 .text.push     0x00000000       0x20 SERVICE/UART_STACK.o
 .text.pop      0x00000000       0x22 SERVICE/UART_STACK.o
 .bss.sp        0x00000000        0x1 SERVICE/UART_STACK.o
 .bss.stack     0x00000000        0x5 SERVICE/UART_STACK.o
 .debug_info    0x00000000      0x129 SERVICE/UART_STACK.o
 .debug_abbrev  0x00000000       0xde SERVICE/UART_STACK.o
 .debug_loc     0x00000000       0x7e SERVICE/UART_STACK.o
 .debug_aranges
                0x00000000       0x28 SERVICE/UART_STACK.o
 .debug_ranges  0x00000000       0x18 SERVICE/UART_STACK.o
 .debug_line    0x00000000       0xc0 SERVICE/UART_STACK.o
 .debug_str     0x00000000      0x182 SERVICE/UART_STACK.o
 .comment       0x00000000       0x31 SERVICE/UART_STACK.o
 .debug_frame   0x00000000       0x34 SERVICE/UART_STACK.o
 .text          0x00000000        0x0 c:/program files (x86)/atmel/studio/7.0/toolchain/avr8/avr8-gnu-toolchain/bin/../lib/gcc/avr/5.4.0/avr5\libgcc.a(_udivmodhi4.o)
 .data          0x00000000        0x0 c:/program files (x86)/atmel/studio/7.0/toolchain/avr8/avr8-gnu-toolchain/bin/../lib/gcc/avr/5.4.0/avr5\libgcc.a(_udivmodhi4.o)
 .bss           0x00000000        0x0 c:/program files (x86)/atmel/studio/7.0/toolchain/avr8/avr8-gnu-toolchain/bin/../lib/gcc/avr/5.4.0/avr5\libgcc.a(_udivmodhi4.o)
 .text.libgcc.mul
                0x00000000        0x0 c:/program files (x86)/atmel/studio/7.0/toolchain/avr8/avr8-gnu-toolchain/bin/../lib/gcc/avr/5.4.0/avr5\libgcc.a(_udivmodhi4.o)
 .text.libgcc   0x00000000        0x0 c:/program files (x86)/atmel/studio/7.0/toolchain/avr8/avr8-gnu-toolchain/bin/../lib/gcc/avr/5.4.0/avr5\libgcc.a(_udivmodhi4.o)
 .text.libgcc.prologue
                0x00000000        0x0 c:/program files (x86)/atmel/studio/7.0/toolchain/avr8/avr8-gnu-toolchain/bin/../lib/gcc/avr/5.4.0/avr5\libgcc.a(_udivmodhi4.o)
 .text.libgcc.builtins
                0x00000000        0x0 c:/program files (x86)/atmel/studio/7.0/toolchain/avr8/avr8-gnu-toolchain/bin/../lib/gcc/avr/5.4.0/avr5\libgcc.a(_udivmodhi4.o)
 .text.libgcc.fmul
                0x00000000        0x0 c:/program files (x86)/atmel/studio/7.0/toolchain/avr8/avr8-gnu-toolchain/bin/../lib/gcc/avr/5.4.0/avr5\libgcc.a(_udivmodhi4.o)
 .text.libgcc.fixed
                0x00000000        0x0 c:/program files (x86)/atmel/studio/7.0/toolchain/avr8/avr8-gnu-toolchain/bin/../lib/gcc/avr/5.4.0/avr5\libgcc.a(_udivmodhi4.o)
 .text          0x00000000        0x0 c:/program files (x86)/atmel/studio/7.0/toolchain/avr8/avr8-gnu-toolchain/bin/../lib/gcc/avr/5.4.0/avr5\libgcc.a(_divmodhi4.o)
 .data          0x00000000        0x0 c:/program files (x86)/atmel/studio/7.0/toolchain/avr8/avr8-gnu-toolchain/bin/../lib/gcc/avr/5.4.0/avr5\libgcc.a(_divmodhi4.o)
 .bss           0x00000000        0x0 c:/program files (x86)/atmel/studio/7.0/toolchain/avr8/avr8-gnu-toolchain/bin/../lib/gcc/avr/5.4.0/avr5\libgcc.a(_divmodhi4.o)
 .text.libgcc.mul
                0x00000000        0x0 c:/program files (x86)/atmel/studio/7.0/toolchain/avr8/avr8-gnu-toolchain/bin/../lib/gcc/avr/5.4.0/avr5\libgcc.a(_divmodhi4.o)
 .text.libgcc   0x00000000        0x0 c:/program files (x86)/atmel/studio/7.0/toolchain/avr8/avr8-gnu-toolchain/bin/../lib/gcc/avr/5.4.0/avr5\libgcc.a(_divmodhi4.o)
 .text.libgcc.prologue
                0x00000000        0x0 c:/program files (x86)/atmel/studio/7.0/toolchain/avr8/avr8-gnu-toolchain/bin/../lib/gcc/avr/5.4.0/avr5\libgcc.a(_divmodhi4.o)
 .text.libgcc.builtins
                0x00000000        0x0 c:/program files (x86)/atmel/studio/7.0/toolchain/avr8/avr8-gnu-toolchain/bin/../lib/gcc/avr/5.4.0/avr5\libgcc.a(_divmodhi4.o)
 .text.libgcc.fmul
                0x00000000        0x0 c:/program files (x86)/atmel/studio/7.0/toolchain/avr8/avr8-gnu-toolchain/bin/../lib/gcc/avr/5.4.0/avr5\libgcc.a(_divmodhi4.o)
 .text.libgcc.fixed
                0x00000000        0x0 c:/program files (x86)/atmel/studio/7.0/toolchain/avr8/avr8-gnu-toolchain/bin/../lib/gcc/avr/5.4.0/avr5\libgcc.a(_divmodhi4.o)
 .text          0x00000000        0x0 c:/program files (x86)/atmel/studio/7.0/toolchain/avr8/avr8-gnu-toolchain/bin/../lib/gcc/avr/5.4.0/avr5\libgcc.a(_udivmodsi4.o)
 .data          0x00000000        0x0 c:/program files (x86)/atmel/studio/7.0/toolchain/avr8/avr8-gnu-toolchain/bin/../lib/gcc/avr/5.4.0/avr5\libgcc.a(_udivmodsi4.o)
 .bss           0x00000000        0x0 c:/program files (x86)/atmel/studio/7.0/toolchain/avr8/avr8-gnu-toolchain/bin/../lib/gcc/avr/5.4.0/avr5\libgcc.a(_udivmodsi4.o)
 .text.libgcc.mul
                0x00000000        0x0 c:/program files (x86)/atmel/studio/7.0/toolchain/avr8/avr8-gnu-toolchain/bin/../lib/gcc/avr/5.4.0/avr5\libgcc.a(_udivmodsi4.o)
 .text.libgcc.div
                0x00000000       0x44 c:/program files (x86)/atmel/studio/7.0/toolchain/avr8/avr8-gnu-toolchain/bin/../lib/gcc/avr/5.4.0/avr5\libgcc.a(_udivmodsi4.o)
 .text.libgcc   0x00000000        0x0 c:/program files (x86)/atmel/studio/7.0/toolchain/avr8/avr8-gnu-toolchain/bin/../lib/gcc/avr/5.4.0/avr5\libgcc.a(_udivmodsi4.o)
 .text.libgcc.prologue
                0x00000000        0x0 c:/program files (x86)/atmel/studio/7.0/toolchain/avr8/avr8-gnu-toolchain/bin/../lib/gcc/avr/5.4.0/avr5\libgcc.a(_udivmodsi4.o)
 .text.libgcc.builtins
                0x00000000        0x0 c:/program files (x86)/atmel/studio/7.0/toolchain/avr8/avr8-gnu-toolchain/bin/../lib/gcc/avr/5.4.0/avr5\libgcc.a(_udivmodsi4.o)
 .text.libgcc.fmul
                0x00000000        0x0 c:/program files (x86)/atmel/studio/7.0/toolchain/avr8/avr8-gnu-toolchain/bin/../lib/gcc/avr/5.4.0/avr5\libgcc.a(_udivmodsi4.o)
 .text.libgcc.fixed
                0x00000000        0x0 c:/program files (x86)/atmel/studio/7.0/toolchain/avr8/avr8-gnu-toolchain/bin/../lib/gcc/avr/5.4.0/avr5\libgcc.a(_udivmodsi4.o)
 .text          0x00000000        0x0 c:/program files (x86)/atmel/studio/7.0/toolchain/avr8/avr8-gnu-toolchain/bin/../lib/gcc/avr/5.4.0/avr5\libgcc.a(_divmodsi4.o)
 .data          0x00000000        0x0 c:/program files (x86)/atmel/studio/7.0/toolchain/avr8/avr8-gnu-toolchain/bin/../lib/gcc/avr/5.4.0/avr5\libgcc.a(_divmodsi4.o)
 .bss           0x00000000        0x0 c:/program files (x86)/atmel/studio/7.0/toolchain/avr8/avr8-gnu-toolchain/bin/../lib/gcc/avr/5.4.0/avr5\libgcc.a(_divmodsi4.o)
 .text.libgcc.mul
                0x00000000        0x0 c:/program files (x86)/atmel/studio/7.0/toolchain/avr8/avr8-gnu-toolchain/bin/../lib/gcc/avr/5.4.0/avr5\libgcc.a(_divmodsi4.o)
 .text.libgcc.div
                0x00000000       0x2e c:/program files (x86)/atmel/studio/7.0/toolchain/avr8/avr8-gnu-toolchain/bin/../lib/gcc/avr/5.4.0/avr5\libgcc.a(_divmodsi4.o)
 .text.libgcc   0x00000000        0x0 c:/program files (x86)/atmel/studio/7.0/toolchain/avr8/avr8-gnu-toolchain/bin/../lib/gcc/avr/5.4.0/avr5\libgcc.a(_divmodsi4.o)
 .text.libgcc.prologue
                0x00000000        0x0 c:/program files (x86)/atmel/studio/7.0/toolchain/avr8/avr8-gnu-toolchain/bin/../lib/gcc/avr/5.4.0/avr5\libgcc.a(_divmodsi4.o)
 .text.libgcc.builtins
                0x00000000        0x0 c:/program files (x86)/atmel/studio/7.0/toolchain/avr8/avr8-gnu-toolchain/bin/../lib/gcc/avr/5.4.0/avr5\libgcc.a(_divmodsi4.o)
 .text.libgcc.fmul
                0x00000000        0x0 c:/program files (x86)/atmel/studio/7.0/toolchain/avr8/avr8-gnu-toolchain/bin/../lib/gcc/avr/5.4.0/avr5\libgcc.a(_divmodsi4.o)
 .text.libgcc.fixed
                0x00000000        0x0 c:/program files (x86)/atmel/studio/7.0/toolchain/avr8/avr8-gnu-toolchain/bin/../lib/gcc/avr/5.4.0/avr5\libgcc.a(_divmodsi4.o)
 .text          0x00000000        0x0 c:/program files (x86)/atmel/studio/7.0/toolchain/avr8/avr8-gnu-toolchain/bin/../lib/gcc/avr/5.4.0/avr5\libgcc.a(_negsi2.o)
 .data          0x00000000        0x0 c:/program files (x86)/atmel/studio/7.0/toolchain/avr8/avr8-gnu-toolchain/bin/../lib/gcc/avr/5.4.0/avr5\libgcc.a(_negsi2.o)
 .bss           0x00000000        0x0 c:/program files (x86)/atmel/studio/7.0/toolchain/avr8/avr8-gnu-toolchain/bin/../lib/gcc/avr/5.4.0/avr5\libgcc.a(_negsi2.o)
 .text.libgcc.mul
                0x00000000        0x0 c:/program files (x86)/atmel/studio/7.0/toolchain/avr8/avr8-gnu-toolchain/bin/../lib/gcc/avr/5.4.0/avr5\libgcc.a(_negsi2.o)
 .text.libgcc.div
                0x00000000       0x10 c:/program files (x86)/atmel/studio/7.0/toolchain/avr8/avr8-gnu-toolchain/bin/../lib/gcc/avr/5.4.0/avr5\libgcc.a(_negsi2.o)
 .text.libgcc   0x00000000        0x0 c:/program files (x86)/atmel/studio/7.0/toolchain/avr8/avr8-gnu-toolchain/bin/../lib/gcc/avr/5.4.0/avr5\libgcc.a(_negsi2.o)
 .text.libgcc.prologue
                0x00000000        0x0 c:/program files (x86)/atmel/studio/7.0/toolchain/avr8/avr8-gnu-toolchain/bin/../lib/gcc/avr/5.4.0/avr5\libgcc.a(_negsi2.o)
 .text.libgcc.builtins
                0x00000000        0x0 c:/program files (x86)/atmel/studio/7.0/toolchain/avr8/avr8-gnu-toolchain/bin/../lib/gcc/avr/5.4.0/avr5\libgcc.a(_negsi2.o)
 .text.libgcc.fmul
                0x00000000        0x0 c:/program files (x86)/atmel/studio/7.0/toolchain/avr8/avr8-gnu-toolchain/bin/../lib/gcc/avr/5.4.0/avr5\libgcc.a(_negsi2.o)
 .text.libgcc.fixed
                0x00000000        0x0 c:/program files (x86)/atmel/studio/7.0/toolchain/avr8/avr8-gnu-toolchain/bin/../lib/gcc/avr/5.4.0/avr5\libgcc.a(_negsi2.o)
 .text          0x00000000        0x0 c:/program files (x86)/atmel/studio/7.0/toolchain/avr8/avr8-gnu-toolchain/bin/../lib/gcc/avr/5.4.0/avr5\libgcc.a(_exit.o)
 .data          0x00000000        0x0 c:/program files (x86)/atmel/studio/7.0/toolchain/avr8/avr8-gnu-toolchain/bin/../lib/gcc/avr/5.4.0/avr5\libgcc.a(_exit.o)
 .bss           0x00000000        0x0 c:/program files (x86)/atmel/studio/7.0/toolchain/avr8/avr8-gnu-toolchain/bin/../lib/gcc/avr/5.4.0/avr5\libgcc.a(_exit.o)
 .text.libgcc.mul
                0x00000000        0x0 c:/program files (x86)/atmel/studio/7.0/toolchain/avr8/avr8-gnu-toolchain/bin/../lib/gcc/avr/5.4.0/avr5\libgcc.a(_exit.o)
 .text.libgcc.div
                0x00000000        0x0 c:/program files (x86)/atmel/studio/7.0/toolchain/avr8/avr8-gnu-toolchain/bin/../lib/gcc/avr/5.4.0/avr5\libgcc.a(_exit.o)
 .text.libgcc   0x00000000        0x0 c:/program files (x86)/atmel/studio/7.0/toolchain/avr8/avr8-gnu-toolchain/bin/../lib/gcc/avr/5.4.0/avr5\libgcc.a(_exit.o)
 .text.libgcc.prologue
                0x00000000        0x0 c:/program files (x86)/atmel/studio/7.0/toolchain/avr8/avr8-gnu-toolchain/bin/../lib/gcc/avr/5.4.0/avr5\libgcc.a(_exit.o)
 .text.libgcc.builtins
                0x00000000        0x0 c:/program files (x86)/atmel/studio/7.0/toolchain/avr8/avr8-gnu-toolchain/bin/../lib/gcc/avr/5.4.0/avr5\libgcc.a(_exit.o)
 .text.libgcc.fmul
                0x00000000        0x0 c:/program files (x86)/atmel/studio/7.0/toolchain/avr8/avr8-gnu-toolchain/bin/../lib/gcc/avr/5.4.0/avr5\libgcc.a(_exit.o)
 .text.libgcc.fixed
                0x00000000        0x0 c:/program files (x86)/atmel/studio/7.0/toolchain/avr8/avr8-gnu-toolchain/bin/../lib/gcc/avr/5.4.0/avr5\libgcc.a(_exit.o)
 .text          0x00000000        0x0 c:/program files (x86)/atmel/studio/7.0/toolchain/avr8/avr8-gnu-toolchain/bin/../lib/gcc/avr/5.4.0/avr5\libgcc.a(_copy_data.o)
 .data          0x00000000        0x0 c:/program files (x86)/atmel/studio/7.0/toolchain/avr8/avr8-gnu-toolchain/bin/../lib/gcc/avr/5.4.0/avr5\libgcc.a(_copy_data.o)
 .bss           0x00000000        0x0 c:/program files (x86)/atmel/studio/7.0/toolchain/avr8/avr8-gnu-toolchain/bin/../lib/gcc/avr/5.4.0/avr5\libgcc.a(_copy_data.o)
 .text.libgcc.mul
                0x00000000        0x0 c:/program files (x86)/atmel/studio/7.0/toolchain/avr8/avr8-gnu-toolchain/bin/../lib/gcc/avr/5.4.0/avr5\libgcc.a(_copy_data.o)
 .text.libgcc.div
                0x00000000        0x0 c:/program files (x86)/atmel/studio/7.0/toolchain/avr8/avr8-gnu-toolchain/bin/../lib/gcc/avr/5.4.0/avr5\libgcc.a(_copy_data.o)
 .text.libgcc   0x00000000        0x0 c:/program files (x86)/atmel/studio/7.0/toolchain/avr8/avr8-gnu-toolchain/bin/../lib/gcc/avr/5.4.0/avr5\libgcc.a(_copy_data.o)
 .text.libgcc.prologue
                0x00000000        0x0 c:/program files (x86)/atmel/studio/7.0/toolchain/avr8/avr8-gnu-toolchain/bin/../lib/gcc/avr/5.4.0/avr5\libgcc.a(_copy_data.o)
 .text.libgcc.builtins
                0x00000000        0x0 c:/program files (x86)/atmel/studio/7.0/toolchain/avr8/avr8-gnu-toolchain/bin/../lib/gcc/avr/5.4.0/avr5\libgcc.a(_copy_data.o)
 .text.libgcc.fmul
                0x00000000        0x0 c:/program files (x86)/atmel/studio/7.0/toolchain/avr8/avr8-gnu-toolchain/bin/../lib/gcc/avr/5.4.0/avr5\libgcc.a(_copy_data.o)
 .text.libgcc.fixed
                0x00000000        0x0 c:/program files (x86)/atmel/studio/7.0/toolchain/avr8/avr8-gnu-toolchain/bin/../lib/gcc/avr/5.4.0/avr5\libgcc.a(_copy_data.o)
 .text          0x00000000        0x0 c:/program files (x86)/atmel/studio/7.0/toolchain/avr8/avr8-gnu-toolchain/bin/../lib/gcc/avr/5.4.0/avr5\libgcc.a(_clear_bss.o)
 .data          0x00000000        0x0 c:/program files (x86)/atmel/studio/7.0/toolchain/avr8/avr8-gnu-toolchain/bin/../lib/gcc/avr/5.4.0/avr5\libgcc.a(_clear_bss.o)
 .bss           0x00000000        0x0 c:/program files (x86)/atmel/studio/7.0/toolchain/avr8/avr8-gnu-toolchain/bin/../lib/gcc/avr/5.4.0/avr5\libgcc.a(_clear_bss.o)
 .text.libgcc.mul
                0x00000000        0x0 c:/program files (x86)/atmel/studio/7.0/toolchain/avr8/avr8-gnu-toolchain/bin/../lib/gcc/avr/5.4.0/avr5\libgcc.a(_clear_bss.o)
 .text.libgcc.div
                0x00000000        0x0 c:/program files (x86)/atmel/studio/7.0/toolchain/avr8/avr8-gnu-toolchain/bin/../lib/gcc/avr/5.4.0/avr5\libgcc.a(_clear_bss.o)
 .text.libgcc   0x00000000        0x0 c:/program files (x86)/atmel/studio/7.0/toolchain/avr8/avr8-gnu-toolchain/bin/../lib/gcc/avr/5.4.0/avr5\libgcc.a(_clear_bss.o)
 .text.libgcc.prologue
                0x00000000        0x0 c:/program files (x86)/atmel/studio/7.0/toolchain/avr8/avr8-gnu-toolchain/bin/../lib/gcc/avr/5.4.0/avr5\libgcc.a(_clear_bss.o)
 .text.libgcc.builtins
                0x00000000        0x0 c:/program files (x86)/atmel/studio/7.0/toolchain/avr8/avr8-gnu-toolchain/bin/../lib/gcc/avr/5.4.0/avr5\libgcc.a(_clear_bss.o)
 .text.libgcc.fmul
                0x00000000        0x0 c:/program files (x86)/atmel/studio/7.0/toolchain/avr8/avr8-gnu-toolchain/bin/../lib/gcc/avr/5.4.0/avr5\libgcc.a(_clear_bss.o)
 .text.libgcc.fixed
                0x00000000        0x0 c:/program files (x86)/atmel/studio/7.0/toolchain/avr8/avr8-gnu-toolchain/bin/../lib/gcc/avr/5.4.0/avr5\libgcc.a(_clear_bss.o)
 .text          0x00000000        0x0 c:/program files (x86)/atmel/studio/7.0/toolchain/avr8/avr8-gnu-toolchain/bin/../lib/gcc/avr/5.4.0/avr5\libgcc.a(_umulhisi3.o)
 .data          0x00000000        0x0 c:/program files (x86)/atmel/studio/7.0/toolchain/avr8/avr8-gnu-toolchain/bin/../lib/gcc/avr/5.4.0/avr5\libgcc.a(_umulhisi3.o)
 .bss           0x00000000        0x0 c:/program files (x86)/atmel/studio/7.0/toolchain/avr8/avr8-gnu-toolchain/bin/../lib/gcc/avr/5.4.0/avr5\libgcc.a(_umulhisi3.o)
 .text.libgcc.div
                0x00000000        0x0 c:/program files (x86)/atmel/studio/7.0/toolchain/avr8/avr8-gnu-toolchain/bin/../lib/gcc/avr/5.4.0/avr5\libgcc.a(_umulhisi3.o)
 .text.libgcc   0x00000000        0x0 c:/program files (x86)/atmel/studio/7.0/toolchain/avr8/avr8-gnu-toolchain/bin/../lib/gcc/avr/5.4.0/avr5\libgcc.a(_umulhisi3.o)
 .text.libgcc.prologue
                0x00000000        0x0 c:/program files (x86)/atmel/studio/7.0/toolchain/avr8/avr8-gnu-toolchain/bin/../lib/gcc/avr/5.4.0/avr5\libgcc.a(_umulhisi3.o)
 .text.libgcc.builtins
                0x00000000        0x0 c:/program files (x86)/atmel/studio/7.0/toolchain/avr8/avr8-gnu-toolchain/bin/../lib/gcc/avr/5.4.0/avr5\libgcc.a(_umulhisi3.o)
 .text.libgcc.fmul
                0x00000000        0x0 c:/program files (x86)/atmel/studio/7.0/toolchain/avr8/avr8-gnu-toolchain/bin/../lib/gcc/avr/5.4.0/avr5\libgcc.a(_umulhisi3.o)
 .text.libgcc.fixed
                0x00000000        0x0 c:/program files (x86)/atmel/studio/7.0/toolchain/avr8/avr8-gnu-toolchain/bin/../lib/gcc/avr/5.4.0/avr5\libgcc.a(_umulhisi3.o)
 .text          0x00000000        0x0 c:/program files (x86)/atmel/studio/7.0/toolchain/avr8/avr8-gnu-toolchain/bin/../lib/gcc/avr/5.4.0/avr5\libgcc.a(_muluhisi3.o)
 .data          0x00000000        0x0 c:/program files (x86)/atmel/studio/7.0/toolchain/avr8/avr8-gnu-toolchain/bin/../lib/gcc/avr/5.4.0/avr5\libgcc.a(_muluhisi3.o)
 .bss           0x00000000        0x0 c:/program files (x86)/atmel/studio/7.0/toolchain/avr8/avr8-gnu-toolchain/bin/../lib/gcc/avr/5.4.0/avr5\libgcc.a(_muluhisi3.o)
 .text.libgcc.mul
                0x00000000       0x16 c:/program files (x86)/atmel/studio/7.0/toolchain/avr8/avr8-gnu-toolchain/bin/../lib/gcc/avr/5.4.0/avr5\libgcc.a(_muluhisi3.o)
 .text.libgcc.div
                0x00000000        0x0 c:/program files (x86)/atmel/studio/7.0/toolchain/avr8/avr8-gnu-toolchain/bin/../lib/gcc/avr/5.4.0/avr5\libgcc.a(_muluhisi3.o)
 .text.libgcc   0x00000000        0x0 c:/program files (x86)/atmel/studio/7.0/toolchain/avr8/avr8-gnu-toolchain/bin/../lib/gcc/avr/5.4.0/avr5\libgcc.a(_muluhisi3.o)
 .text.libgcc.prologue
                0x00000000        0x0 c:/program files (x86)/atmel/studio/7.0/toolchain/avr8/avr8-gnu-toolchain/bin/../lib/gcc/avr/5.4.0/avr5\libgcc.a(_muluhisi3.o)
 .text.libgcc.builtins
                0x00000000        0x0 c:/program files (x86)/atmel/studio/7.0/toolchain/avr8/avr8-gnu-toolchain/bin/../lib/gcc/avr/5.4.0/avr5\libgcc.a(_muluhisi3.o)
 .text.libgcc.fmul
                0x00000000        0x0 c:/program files (x86)/atmel/studio/7.0/toolchain/avr8/avr8-gnu-toolchain/bin/../lib/gcc/avr/5.4.0/avr5\libgcc.a(_muluhisi3.o)
 .text.libgcc.fixed
                0x00000000        0x0 c:/program files (x86)/atmel/studio/7.0/toolchain/avr8/avr8-gnu-toolchain/bin/../lib/gcc/avr/5.4.0/avr5\libgcc.a(_muluhisi3.o)

Memory Configuration

Name             Origin             Length             Attributes
text             0x00000000         0x00008000         xr
data             0x00800060         0x00000800         rw !x
eeprom           0x00810000         0x00000400         rw !x
fuse             0x00820000         0x00000002         rw !x
lock             0x00830000         0x00000400         rw !x
signature        0x00840000         0x00000400         rw !x
user_signatures  0x00850000         0x00000400         rw !x
*default*        0x00000000         0xffffffff

Linker script and memory map

LOAD c:/program files (x86)/atmel/studio/7.0/toolchain/avr8/avr8-gnu-toolchain/bin/../lib/gcc/avr/5.4.0/../../../../avr/lib/avr5/crtatmega32.o
LOAD 7seg.o
LOAD APP/Cacet.o
LOAD APP/FireSystem.o
LOAD APP/LDR.o
LOAD APP/PasswordSystem.o
LOAD APP/RGBProject.o
LOAD HAL/BUZZER.o
LOAD HAL/keypad.o
LOAD HAL/lcd.o
LOAD HAL/LED.o
LOAD HAL/motor.o
LOAD HAL/motor_confg.o
LOAD HAL/RGB_LED.o
LOAD HAL/sensors.o
LOAD HAL/stepper_motor.o
LOAD HAL/TEMP_FILTER.o
LOAD main.o
LOAD MCAL/ADC.o
LOAD MCAL/DIO.o
LOAD MCAL/DIO_confg.o
LOAD MCAL/EEPROM.o
LOAD MCAL/EIU.o
LOAD MCAL/Timer1.o
LOAD MCAL/UART.o
LOAD RTOS/KERNEL/Kernel_program.o
LOAD SERVICE/Timers_Services.o
LOAD SERVICE/UART_service.o
LOAD SERVICE/UART_STACK.o
START GROUP
LOAD c:/program files (x86)/atmel/studio/7.0/toolchain/avr8/avr8-gnu-toolchain/bin/../lib/gcc/avr/5.4.0/../../../../avr/lib/avr5\libm.a
END GROUP
START GROUP
LOAD c:/program files (x86)/atmel/studio/7.0/toolchain/avr8/avr8-gnu-toolchain/bin/../lib/gcc/avr/5.4.0/avr5\libgcc.a
LOAD c:/program files (x86)/atmel/studio/7.0/toolchain/avr8/avr8-gnu-toolchain/bin/../lib/gcc/avr/5.4.0/../../../../avr/lib/avr5\libm.a
LOAD c:/program files (x86)/atmel/studio/7.0/toolchain/avr8/avr8-gnu-toolchain/bin/../lib/gcc/avr/5.4.0/../../../../avr/lib/avr5\libc.a
LOAD c:/program files (x86)/atmel/studio/7.0/toolchain/avr8/avr8-gnu-toolchain/bin/../lib/gcc/avr/5.4.0/../../../../avr/lib/avr5\libatmega32.a
END GROUP
                0x00000000                __TEXT_REGION_ORIGIN__ = DEFINED (__TEXT_REGION_ORIGIN__)?__TEXT_REGION_ORIGIN__:0x0
                [0x00800060]                __DATA_REGION_ORIGIN__ = DEFINED (__DATA_REGION_ORIGIN__)?__DATA_REGION_ORIGIN__:0x800060
                [0x00008000]                __TEXT_REGION_LENGTH__ = DEFINED (__TEXT_REGION_LENGTH__)?__TEXT_REGION_LENGTH__:0x20000
                [0x00000800]                __DATA_REGION_LENGTH__ = DEFINED (__DATA_REGION_LENGTH__)?__DATA_REGION_LENGTH__:0xffa0
                [0x00000400]                __EEPROM_REGION_LENGTH__ = DEFINED (__EEPROM_REGION_LENGTH__)?__EEPROM_REGION_LENGTH__:0x10000
                [0x00000002]                __FUSE_REGION_LENGTH__ = DEFINED (__FUSE_REGION_LENGTH__)?__FUSE_REGION_LENGTH__:0x400
                0x00000400                __LOCK_REGION_LENGTH__ = DEFINED (__LOCK_REGION_LENGTH__)?__LOCK_REGION_LENGTH__:0x400
                0x00000400                __SIGNATURE_REGION_LENGTH__ = DEFINED (__SIGNATURE_REGION_LENGTH__)?__SIGNATURE_REGION_LENGTH__:0x400
                0x00000400                __USER_SIGNATURE_REGION_LENGTH__ = DEFINED (__USER_SIGNATURE_REGION_LENGTH__)?__USER_SIGNATURE_REGION_LENGTH__:0x400

.hash
 *(.hash)

.dynsym
 *(.dynsym)

.dynstr
 *(.dynstr)

.gnu.version
 *(.gnu.version)

.gnu.version_d
 *(.gnu.version_d)

.gnu.version_r
 *(.gnu.version_r)

.rel.init
 *(.rel.init)

.rela.init
 *(.rela.init)

.rel.text
 *(.rel.text)
 *(.rel.text.*)
 *(.rel.gnu.linkonce.t*)

.rela.text
 *(.rela.text)
 *(.rela.text.*)
 *(.rela.gnu.linkonce.t*)

.rel.fini
 *(.rel.fini)

.rela.fini
 *(.rela.fini)

.rel.rodata
 *(.rel.rodata)
 *(.rel.rodata.*)
 *(.rel.gnu.linkonce.r*)

.rela.rodata
 *(.rela.rodata)
 *(.rela.rodata.*)
 *(.rela.gnu.linkonce.r*)

.rel.data
 *(.rel.data)
 *(.rel.data.*)
 *(.rel.gnu.linkonce.d*)

.rela.data
 *(.rela.data)
 *(.rela.data.*)
 *(.rela.gnu.linkonce.d*)

.rel.ctors
 *(.rel.ctors)

.rela.ctors
 *(.rela.ctors)

.rel.dtors
 *(.rel.dtors)

.rela.dtors
 *(.rela.dtors)

.rel.got
 *(.rel.got)

.rela.got
 *(.rela.got)

.rel.bss
 *(.rel.bss)

.rela.bss
 *(.rela.bss)

.rel.plt
 *(.rel.plt)

.rela.plt
 *(.rela.plt)

.text           0x00000000      0xe82
 *(.vectors)
 .vectors       0x00000000       0x54 c:/program files (x86)/atmel/studio/7.0/toolchain/avr8/avr8-gnu-toolchain/bin/../lib/gcc/avr/5.4.0/../../../../avr/lib/avr5/crtatmega32.o
                0x00000000                __vector_default
                0x00000000                __vectors
 *(.vectors)
 *(.progmem.gcc*)
                0x00000054                . = ALIGN (0x2)
                0x00000054                __trampolines_start = .
 *(.trampolines)
 .trampolines   0x00000054        0x0 linker stubs
 *(.trampolines*)
                0x00000054                __trampolines_end = .
 *libprintf_flt.a:*(.progmem.data)
 *libc.a:*(.progmem.data)
 *(.progmem*)
                0x00000054                . = ALIGN (0x2)
 *(.jumptables)
 *(.jumptables*)
 *(.lowtext)
 *(.lowtext*)
                0x00000054                __ctors_start = .
 *(.ctors)
                0x00000054                __ctors_end = .
                0x00000054                __dtors_start = .
 *(.dtors)
                0x00000054                __dtors_end = .
 SORT(*)(.ctors)
 SORT(*)(.dtors)
 *(.init0)
 .init0         0x00000054        0x0 c:/program files (x86)/atmel/studio/7.0/toolchain/avr8/avr8-gnu-toolchain/bin/../lib/gcc/avr/5.4.0/../../../../avr/lib/avr5/crtatmega32.o
                0x00000054                __init
 *(.init0)
 *(.init1)
 *(.init1)
 *(.init2)
 .init2         0x00000054        0xc c:/program files (x86)/atmel/studio/7.0/toolchain/avr8/avr8-gnu-toolchain/bin/../lib/gcc/avr/5.4.0/../../../../avr/lib/avr5/crtatmega32.o
 *(.init2)
 *(.init3)
 *(.init3)
 *(.init4)
 .init4         0x00000060       0x16 c:/program files (x86)/atmel/studio/7.0/toolchain/avr8/avr8-gnu-toolchain/bin/../lib/gcc/avr/5.4.0/avr5\libgcc.a(_copy_data.o)
                0x00000060                __do_copy_data
 .init4         0x00000076       0x10 c:/program files (x86)/atmel/studio/7.0/toolchain/avr8/avr8-gnu-toolchain/bin/../lib/gcc/avr/5.4.0/avr5\libgcc.a(_clear_bss.o)
                0x00000076                __do_clear_bss
 *(.init4)
 *(.init5)
 *(.init5)
 *(.init6)
 *(.init6)
 *(.init7)
 *(.init7)
 *(.init8)
 *(.init8)
 *(.init9)
 .init9         0x00000086        0x8 c:/program files (x86)/atmel/studio/7.0/toolchain/avr8/avr8-gnu-toolchain/bin/../lib/gcc/avr/5.4.0/../../../../avr/lib/avr5/crtatmega32.o
 *(.init9)
 *(.text)
 .text          0x0000008e        0x4 c:/program files (x86)/atmel/studio/7.0/toolchain/avr8/avr8-gnu-toolchain/bin/../lib/gcc/avr/5.4.0/../../../../avr/lib/avr5/crtatmega32.o
                0x0000008e                __bad_interrupt
                0x0000008e                __vector_17
                0x0000008e                __vector_19
                0x0000008e                __vector_14
                0x0000008e                __vector_16
                0x0000008e                __vector_18
                0x0000008e                __vector_20
                0x0000008e                __vector_12
                0x00000092                . = ALIGN (0x2)
 *(.text.*)
 .text.keypad_int
                0x00000092       0x22 HAL/keypad.o
                0x00000092                keypad_int
 .text.writeIns
                0x000000b4       0xc8 HAL/lcd.o
 .text.lcd_write_data
                0x0000017c       0xc8 HAL/lcd.o
 .text.lcd_int  0x00000244       0x3e HAL/lcd.o
                0x00000244                lcd_int
 .text.lcd_writechar
                0x00000282        0x6 HAL/lcd.o
                0x00000282                lcd_writechar
 .text.lcd_writenumber
                0x00000288       0xa0 HAL/lcd.o
                0x00000288                lcd_writenumber
 .text.lcd_set_cursor
                0x00000328       0x26 HAL/lcd.o
                0x00000328                lcd_set_cursor
 .text.func     0x0000034e       0x56 main.o
                0x0000034e                func
 .text.main     0x000003a4       0xd8 main.o
                0x000003a4                main
 .text.ADC_enable
                0x0000047c        0x8 MCAL/ADC.o
                0x0000047c                ADC_enable
 .text.ADC_int  0x00000484       0x4a MCAL/ADC.o
                0x00000484                ADC_int
 .text.DIO_intpin
                0x000004ce      0x23c MCAL/DIO.o
 .text.DIO_writepin
                0x0000070a      0x136 MCAL/DIO.o
                0x0000070a                DIO_writepin
 .text.DIO_int  0x00000840       0x20 MCAL/DIO.o
                0x00000840                DIO_int
 .text.__vector_1
                0x00000860       0x52 MCAL/EIU.o
                0x00000860                __vector_1
 .text.__vector_2
                0x000008b2       0x52 MCAL/EIU.o
                0x000008b2                __vector_2
 .text.__vector_3
                0x00000904       0x52 MCAL/EIU.o
                0x00000904                __vector_3
 .text.TIMER0_Init
                0x00000956       0x54 MCAL/Timer1.o
                0x00000956                TIMER0_Init
 .text.TIMER0_OC0Mode
                0x000009aa       0x48 MCAL/Timer1.o
                0x000009aa                TIMER0_OC0Mode
 .text.TIMER0_OV_InterruptEnable
                0x000009f2        0x8 MCAL/Timer1.o
                0x000009f2                TIMER0_OV_InterruptEnable
 .text.TIMER0_OC_InterruptEnable
                0x000009fa        0x8 MCAL/Timer1.o
                0x000009fa                TIMER0_OC_InterruptEnable
 .text.__vector_10
                0x00000a02       0x52 MCAL/Timer1.o
                0x00000a02                __vector_10
 .text.__vector_11
                0x00000a54       0x52 MCAL/Timer1.o
                0x00000a54                __vector_11
 .text.Timer1_InputCaptureEdge
                0x00000aa6       0x18 MCAL/Timer1.o
                0x00000aa6                Timer1_InputCaptureEdge
 .text.Timer1_Init
                0x00000abe       0xa8 MCAL/Timer1.o
                0x00000abe                Timer1_Init
 .text.Timer1_ICU_InterruptEnable
                0x00000b66        0x8 MCAL/Timer1.o
                0x00000b66                Timer1_ICU_InterruptEnable
 .text.Timer1_ICU_InterruptDisable
                0x00000b6e        0x8 MCAL/Timer1.o
                0x00000b6e                Timer1_ICU_InterruptDisable
 .text.Timer1_ICU_SetCallBack
                0x00000b76        0xa MCAL/Timer1.o
                0x00000b76                Timer1_ICU_SetCallBack
 .text.__vector_9
                0x00000b80       0x52 MCAL/Timer1.o
                0x00000b80                __vector_9
 .text.__vector_7
                0x00000bd2       0x52 MCAL/Timer1.o
                0x00000bd2                __vector_7
 .text.__vector_8
                0x00000c24       0x52 MCAL/Timer1.o
                0x00000c24                __vector_8
 .text.__vector_6
                0x00000c76       0x52 MCAL/Timer1.o
                0x00000c76                __vector_6
 .text.__vector_5
                0x00000cc8       0x52 MCAL/Timer1.o
                0x00000cc8                __vector_5
 .text.__vector_4
                0x00000d1a       0x52 MCAL/Timer1.o
                0x00000d1a                __vector_4
 .text.__vector_13
                0x00000d6c       0x52 MCAL/UART.o
                0x00000d6c                __vector_13
 .text.__vector_15
                0x00000dbe       0x52 MCAL/UART.o
                0x00000dbe                __vector_15
 .text.libgcc.div
                0x00000e10       0x28 c:/program files (x86)/atmel/studio/7.0/toolchain/avr8/avr8-gnu-toolchain/bin/../lib/gcc/avr/5.4.0/avr5\libgcc.a(_udivmodhi4.o)
                0x00000e10                __udivmodhi4
 .text.libgcc.div
                0x00000e38       0x28 c:/program files (x86)/atmel/studio/7.0/toolchain/avr8/avr8-gnu-toolchain/bin/../lib/gcc/avr/5.4.0/avr5\libgcc.a(_divmodhi4.o)
                0x00000e38                _div
                0x00000e38                __divmodhi4
 .text.libgcc.mul
                0x00000e60       0x1e c:/program files (x86)/atmel/studio/7.0/toolchain/avr8/avr8-gnu-toolchain/bin/../lib/gcc/avr/5.4.0/avr5\libgcc.a(_umulhisi3.o)
                0x00000e60                __umulhisi3
                0x00000e7e                . = ALIGN (0x2)
 *(.fini9)
 .fini9         0x00000e7e        0x0 c:/program files (x86)/atmel/studio/7.0/toolchain/avr8/avr8-gnu-toolchain/bin/../lib/gcc/avr/5.4.0/avr5\libgcc.a(_exit.o)
                0x00000e7e                _exit
                0x00000e7e                exit
 *(.fini9)
 *(.fini8)
 *(.fini8)
 *(.fini7)
 *(.fini7)
 *(.fini6)
 *(.fini6)
 *(.fini5)
 *(.fini5)
 *(.fini4)
 *(.fini4)
 *(.fini3)
 *(.fini3)
 *(.fini2)
 *(.fini2)
 *(.fini1)
 *(.fini1)
 *(.fini0)
 .fini0         0x00000e7e        0x4 c:/program files (x86)/atmel/studio/7.0/toolchain/avr8/avr8-gnu-toolchain/bin/../lib/gcc/avr/5.4.0/avr5\libgcc.a(_exit.o)
 *(.fini0)
                0x00000e82                _etext = .

.data           0x00800060       0x20 load address 0x00000e82
                0x00800060                PROVIDE (__data_start, .)
 *(.data)
 *(.data*)
 *(.gnu.linkonce.d*)
 *(.rodata)
 *(.rodata*)
 .rodata.pinStatuesarray
                0x00800060       0x20 MCAL/DIO_confg.o
                0x00800060                pinStatuesarray
 *(.gnu.linkonce.r*)
                0x00800080                . = ALIGN (0x2)
                0x00800080                _edata = .
                0x00800080                PROVIDE (__data_end, .)

.bss            0x00800080       0x24
                0x00800080                PROVIDE (__bss_start, .)
 *(.bss)
 *(.bss*)
 .bss.INT2_Fptr
                0x00800080        0x2 MCAL/EIU.o
 .bss.INT1_Fptr
                0x00800082        0x2 MCAL/EIU.o
 .bss.INT0_Fptr
                0x00800084        0x2 MCAL/EIU.o
 .bss.Timer2_OC2_Fptr
                0x00800086        0x2 MCAL/Timer1.o
 .bss.Timer2_OVF_Fptr
                0x00800088        0x2 MCAL/Timer1.o
 .bss.Timer1_ICU_Fptr
                0x0080008a        0x2 MCAL/Timer1.o
 .bss.Timer1_OCB_Fptr
                0x0080008c        0x2 MCAL/Timer1.o
 .bss.Timer1_OCA_Fptr
                0x0080008e        0x2 MCAL/Timer1.o
 .bss.Timer1_OVF_Fptr
                0x00800090        0x2 MCAL/Timer1.o
 .bss.Timer0_OC_Fptr
                0x00800092        0x2 MCAL/Timer1.o
 .bss.Timer0_OVF_Fptr
                0x00800094        0x2 MCAL/Timer1.o
 .bss.TXI_Fptr  0x00800096        0x2 MCAL/UART.o
 .bss.RXI_Fptr  0x00800098        0x2 MCAL/UART.o
 *(COMMON)
 COMMON         0x0080009a        0xa main.o
                0x0080009a                f
                0x0080009c                t2
                0x0080009e                t1
                0x008000a0                d
                0x008000a2                Time
                0x008000a4                PROVIDE (__bss_end, .)
                0x00000e82                __data_load_start = LOADADDR (.data)
                0x00000ea2                __data_load_end = (__data_load_start + SIZEOF (.data))

.noinit         0x008000a4        0x0
                [!provide]                PROVIDE (__noinit_start, .)
 *(.noinit*)
                [!provide]                PROVIDE (__noinit_end, .)
                0x008000a4                _end = .
                [!provide]                PROVIDE (__heap_start, .)

.eeprom         0x00810000        0x0
 *(.eeprom*)
                0x00810000                __eeprom_end = .

.fuse
 *(.fuse)
 *(.lfuse)
 *(.hfuse)
 *(.efuse)

.lock
 *(.lock*)

.signature
 *(.signature*)

.user_signatures
 *(.user_signatures*)

.stab
 *(.stab)

.stabstr
 *(.stabstr)

.stab.excl
 *(.stab.excl)

.stab.exclstr
 *(.stab.exclstr)

.stab.index
 *(.stab.index)

.stab.indexstr
 *(.stab.indexstr)

.comment        0x00000000       0x30
 *(.comment)
 .comment       0x00000000       0x30 HAL/keypad.o
                                 0x31 (size before relaxing)
 .comment       0x00000030       0x31 HAL/lcd.o
 .comment       0x00000030       0x31 main.o
 .comment       0x00000030       0x31 MCAL/ADC.o
 .comment       0x00000030       0x31 MCAL/DIO.o
 .comment       0x00000030       0x31 MCAL/DIO_confg.o
 .comment       0x00000030       0x31 MCAL/EIU.o
 .comment       0x00000030       0x31 MCAL/Timer1.o
 .comment       0x00000030       0x31 MCAL/UART.o

.note.gnu.avr.deviceinfo
                0x00000000       0x3c
 .note.gnu.avr.deviceinfo
                0x00000000       0x3c c:/program files (x86)/atmel/studio/7.0/toolchain/avr8/avr8-gnu-toolchain/bin/../lib/gcc/avr/5.4.0/../../../../avr/lib/avr5/crtatmega32.o

.note.gnu.build-id
 *(.note.gnu.build-id)

.debug
 *(.debug)

.line
 *(.line)

.debug_srcinfo
 *(.debug_srcinfo)

.debug_sfnames
 *(.debug_sfnames)

.debug_aranges  0x00000000      0x3b8
 *(.debug_aranges)
 .debug_aranges
                0x00000000       0x28 HAL/keypad.o
 .debug_aranges
                0x00000028       0x80 HAL/lcd.o
 .debug_aranges
                0x000000a8       0x28 main.o
 .debug_aranges
                0x000000d0       0x40 MCAL/ADC.o
 .debug_aranges
                0x00000110       0x50 MCAL/DIO.o
 .debug_aranges
                0x00000160       0x18 MCAL/DIO_confg.o
 .debug_aranges
                0x00000178       0x58 MCAL/EIU.o
 .debug_aranges
                0x000001d0      0x160 MCAL/Timer1.o
 .debug_aranges
                0x00000330       0x88 MCAL/UART.o

.debug_pubnames
 *(.debug_pubnames)

.debug_info     0x00000000     0x2dfe
 *(.debug_info .gnu.linkonce.wi.*)
 .debug_info    0x00000000      0x4e6 c:/program files (x86)/atmel/studio/7.0/toolchain/avr8/avr8-gnu-toolchain/bin/../lib/gcc/avr/5.4.0/../../../../avr/lib/avr5/crtatmega32.o
 .debug_info    0x000004e6      0x2c8 HAL/keypad.o
 .debug_info    0x000007ae      0xbe5 HAL/lcd.o
 .debug_info    0x00001393      0x64a main.o
 .debug_info    0x000019dd      0x22b MCAL/ADC.o
 .debug_info    0x00001c08      0x34f MCAL/DIO.o
 .debug_info    0x00001f57      0x17f MCAL/DIO_confg.o
 .debug_info    0x000020d6      0x256 MCAL/EIU.o
 .debug_info    0x0000232c      0x873 MCAL/Timer1.o
 .debug_info    0x00002b9f      0x25f MCAL/UART.o

.debug_abbrev   0x00000000      0xf68
 *(.debug_abbrev)
 .debug_abbrev  0x00000000      0x4a3 c:/program files (x86)/atmel/studio/7.0/toolchain/avr8/avr8-gnu-toolchain/bin/../lib/gcc/avr/5.4.0/../../../../avr/lib/avr5/crtatmega32.o
 .debug_abbrev  0x000004a3      0x10f HAL/keypad.o
 .debug_abbrev  0x000005b2      0x1cd HAL/lcd.o
 .debug_abbrev  0x0000077f      0x1a0 main.o
 .debug_abbrev  0x0000091f      0x11e MCAL/ADC.o
 .debug_abbrev  0x00000a3d      0x14c MCAL/DIO.o
 .debug_abbrev  0x00000b89       0x75 MCAL/DIO_confg.o
 .debug_abbrev  0x00000bfe       0xe4 MCAL/EIU.o
 .debug_abbrev  0x00000ce2      0x16b MCAL/Timer1.o
 .debug_abbrev  0x00000e4d      0x11b MCAL/UART.o

.debug_line     0x00000000     0x184f
 *(.debug_line .debug_line.* .debug_line_end)
 .debug_line    0x00000000       0x1a c:/program files (x86)/atmel/studio/7.0/toolchain/avr8/avr8-gnu-toolchain/bin/../lib/gcc/avr/5.4.0/../../../../avr/lib/avr5/crtatmega32.o
 .debug_line    0x0000001a      0x115 HAL/keypad.o
 .debug_line    0x0000012f      0x5bb HAL/lcd.o
 .debug_line    0x000006ea      0x247 main.o
 .debug_line    0x00000931      0x12c MCAL/ADC.o
 .debug_line    0x00000a5d      0x2fc MCAL/DIO.o
 .debug_line    0x00000d59       0x44 MCAL/DIO_confg.o
 .debug_line    0x00000d9d      0x233 MCAL/EIU.o
 .debug_line    0x00000fd0      0x6ab MCAL/Timer1.o
 .debug_line    0x0000167b      0x1d4 MCAL/UART.o

.debug_frame    0x00000000      0xad0
 *(.debug_frame)
 .debug_frame   0x00000000       0x50 HAL/keypad.o
 .debug_frame   0x00000050      0x188 HAL/lcd.o
 .debug_frame   0x000001d8       0x34 main.o
 .debug_frame   0x0000020c       0x64 MCAL/ADC.o
 .debug_frame   0x00000270       0x8c MCAL/DIO.o
 .debug_frame   0x000002fc      0x16c MCAL/EIU.o
 .debug_frame   0x00000468      0x4e4 MCAL/Timer1.o
 .debug_frame   0x0000094c      0x184 MCAL/UART.o

.debug_str      0x00000000     0x1167
 *(.debug_str)
 .debug_str     0x00000000      0x196 c:/program files (x86)/atmel/studio/7.0/toolchain/avr8/avr8-gnu-toolchain/bin/../lib/gcc/avr/5.4.0/../../../../avr/lib/avr5/crtatmega32.o
 .debug_str     0x00000196      0x20c HAL/keypad.o
                                0x245 (size before relaxing)
 .debug_str     0x000003a2      0x144 HAL/lcd.o
                                0x34e (size before relaxing)
 .debug_str     0x000004e6      0x375 main.o
                                0x622 (size before relaxing)
 .debug_str     0x0000085b       0x7a MCAL/ADC.o
                                0x237 (size before relaxing)
 .debug_str     0x000008d5       0xb2 MCAL/DIO.o
                                0x2db (size before relaxing)
 .debug_str     0x00000987       0x14 MCAL/DIO_confg.o
                                0x240 (size before relaxing)
 .debug_str     0x0000099b      0x113 MCAL/EIU.o
                                0x238 (size before relaxing)
 .debug_str     0x00000aae      0x568 MCAL/Timer1.o
                                0x96f (size before relaxing)
 .debug_str     0x00001016      0x151 MCAL/UART.o
                                0x276 (size before relaxing)

.debug_loc      0x00000000     0x21aa
 *(.debug_loc)
 .debug_loc     0x00000000       0xbf HAL/keypad.o
 .debug_loc     0x000000bf      0x9ef HAL/lcd.o
 .debug_loc     0x00000aae       0x45 main.o
 .debug_loc     0x00000af3       0xf8 MCAL/ADC.o
 .debug_loc     0x00000beb      0x5bf MCAL/DIO.o
 .debug_loc     0x000011aa      0x422 MCAL/EIU.o
 .debug_loc     0x000015cc      0xa02 MCAL/Timer1.o
 .debug_loc     0x00001fce      0x1dc MCAL/UART.o

.debug_macinfo
 *(.debug_macinfo)

.debug_weaknames
 *(.debug_weaknames)

.debug_funcnames
 *(.debug_funcnames)

.debug_typenames
 *(.debug_typenames)

.debug_varnames
 *(.debug_varnames)

.debug_pubtypes
 *(.debug_pubtypes)

.debug_ranges   0x00000000      0x338
 *(.debug_ranges)
 .debug_ranges  0x00000000       0x30 HAL/keypad.o
 .debug_ranges  0x00000030       0x70 HAL/lcd.o
 .debug_ranges  0x000000a0       0x18 main.o
 .debug_ranges  0x000000b8       0x30 MCAL/ADC.o
 .debug_ranges  0x000000e8       0x40 MCAL/DIO.o
 .debug_ranges  0x00000128       0x48 MCAL/EIU.o
 .debug_ranges  0x00000170      0x150 MCAL/Timer1.o
 .debug_ranges  0x000002c0       0x78 MCAL/UART.o

.debug_macro
 *(.debug_macro)
OUTPUT(GccApplication1.elf elf32-avr)
LOAD linker stubs
